// Jest Snapshot v1, https://goo.gl/fbAQLP

exports[`With Snapshot Testing App shows "Go to the about page" 1`] = `
<div
  className="Index-root-1"
>
  <h1
    className="MuiTypography-root-15 MuiTypography-display1-19 MuiTypography-gutterBottom-32"
  >
    William Penagos
  </h1>
  <h3
    className="MuiTypography-root-15 MuiTypography-subheading-22 MuiTypography-gutterBottom-32"
  >
    example project
  </h3>
  <p
    className="MuiTypography-root-15 MuiTypography-body1-24 MuiTypography-gutterBottom-32"
  >
    <a
      href="/about"
      onClick={[Function]}
    >
      Go to the about page
    </a>
  </p>
  <button
    className="MuiButtonBase-root-66 MuiButton-root-40 MuiButton-contained-51 MuiButton-containedSecondary-53 MuiButton-raised-54 MuiButton-raisedSecondary-56"
    disabled={false}
    onBlur={[Function]}
    onClick={[Function]}
    onFocus={[Function]}
    onKeyDown={[Function]}
    onKeyUp={[Function]}
    onMouseDown={[Function]}
    onMouseLeave={[Function]}
    onMouseUp={[Function]}
    onTouchEnd={[Function]}
    onTouchMove={[Function]}
    onTouchStart={[Function]}
    tabIndex="0"
    type="button"
  >
    <span
      className="MuiButton-label-41"
    >
      Super Secret Password
    </span>
    <span
      className="MuiTouchRipple-root-69"
    />
  </button>
</div>
`;
