// Jest Snapshot v1, https://goo.gl/fbAQLP

exports[`With Snapshot Testing App shows "William Penagos" 1`] = `
<div
  className="About-root-1"
>
  <h1
    className="MuiTypography-root-2 MuiTypography-display1-6 MuiTypography-gutterBottom-19"
  >
    William Penagos
  </h1>
  <h3
    className="MuiTypography-root-2 MuiTypography-subheading-9 MuiTypography-gutterBottom-19"
  >
    about page
  </h3>
  <p
    className="MuiTypography-root-2 MuiTypography-body1-11 MuiTypography-gutterBottom-19"
  >
    <a
      href="/"
      onClick={[Function]}
    >
      Go to the main page
    </a>
  </p>
  <button
    className="MuiButtonBase-root-53 MuiButton-root-27 MuiButton-contained-38 MuiButton-containedPrimary-39 MuiButton-raised-41 MuiButton-raisedPrimary-42"
    disabled={false}
    onBlur={[Function]}
    onFocus={[Function]}
    onKeyDown={[Function]}
    onKeyUp={[Function]}
    onMouseDown={[Function]}
    onMouseLeave={[Function]}
    onMouseUp={[Function]}
    onTouchEnd={[Function]}
    onTouchMove={[Function]}
    onTouchStart={[Function]}
    tabIndex="0"
    type="button"
  >
    <span
      className="MuiButton-label-28"
    >
      Do nothing button
    </span>
    <span
      className="MuiTouchRipple-root-56"
    />
  </button>
</div>
`;
